
> api@1.0.0 dev
> next dev --port 8000

  ▲ Next.js 14.2.4
  - Local:        http://localhost:8000

 ✓ Starting...
 ✓ Ready in 23.5s
 ○ Compiling /api/v1/users/sync ...
 OPTIONS /api/v1/prices 404 in 136860ms
 OPTIONS /api/v1/prices 404 in 136885ms
 OPTIONS /api/v1/prices 404 in 136905ms
 OPTIONS /api/v1/midpoints 404 in 136934ms
 OPTIONS /api/v1/midpoints 404 in 137004ms
 OPTIONS /api/v1/midpoints 404 in 136892ms
 POST /api/v1/users/sync 500 in 146190ms
 POST /api/v1/users/sync 500 in 146157ms
 POST /api/v1/users/sync 500 in 145907ms
 POST /api/v1/users/sync 500 in 143232ms
 POST /api/v1/users/sync 500 in 143141ms
 POST /api/v1/users/sync 500 in 146254ms
 OPTIONS /api/v1/prices 404 in 6008ms
 OPTIONS /api/v1/midpoints 404 in 6087ms
 OPTIONS /api/v1/prices 404 in 6132ms
 OPTIONS /api/v1/midpoints 404 in 6201ms
 OPTIONS /api/v1/prices 404 in 6263ms
 OPTIONS /api/v1/midpoints 404 in 5783ms
 GET /api/v1/markets/cond_1783872753853_199?extended=true 500 in 174570ms
 OPTIONS /api/v1/midpoints 404 in 55926ms
 OPTIONS /api/v1/prices 404 in 55948ms
 OPTIONS /api/v1/midpoints 404 in 61432ms
 OPTIONS /api/v1/prices 404 in 61456ms
 OPTIONS /api/v1/midpoints 404 in 49142ms
 OPTIONS /api/v1/prices 404 in 49160ms
 OPTIONS /api/v1/midpoints 404 in 1410ms
 OPTIONS /api/v1/prices 404 in 1418ms
 OPTIONS /api/v1/midpoints 404 in 1565ms
 OPTIONS /api/v1/prices 404 in 1576ms
 OPTIONS /api/v1/prices 404 in 1594ms
 OPTIONS /api/v1/midpoints 404 in 1604ms
PrismaClientInitializationError: 
Invalid `prisma.user.findUnique()` invocation:


error: Environment variable not found: POSTGRES_PRISMA_URL.
  -->  schema.prisma:17
   | 
16 |   provider  = "postgresql"
17 |   url       = env("POSTGRES_PRISMA_URL")
   | 

Validation Error Count: 1
    at _n.handleRequestError (webpack-internal:///(rsc)/../../node_modules/@prisma/client/runtime/library.js:122:7227)
    at _n.handleAndLogRequestError (webpack-internal:///(rsc)/../../node_modules/@prisma/client/runtime/library.js:122:6235)
    at _n.request (webpack-internal:///(rsc)/../../node_modules/@prisma/client/runtime/library.js:122:5919)
    at async l (webpack-internal:///(rsc)/../../node_modules/@prisma/client/runtime/library.js:131:9061)
    at async getUserById (webpack-internal:///(rsc)/../../packages/users/lib/getUserById.ts:10:18)
    at async GET (webpack-internal:///(rsc)/./app/api/v1/users/[id]/stats/route.ts:22:9)
    at async C:\projects\play-money\node_modules\next\dist\compiled\next-server\app-route.runtime.dev.js:6:55038
    at async ek.execute (C:\projects\play-money\node_modules\next\dist\compiled\next-server\app-route.runtime.dev.js:6:45808)
    at async ek.handle (C:\projects\play-money\node_modules\next\dist\compiled\next-server\app-route.runtime.dev.js:6:56292)
    at async doRender (C:\projects\play-money\node_modules\next\dist\server\base-server.js:1377:42)
    at async cacheEntry.responseCache.get.routeKind (C:\projects\play-money\node_modules\next\dist\server\base-server.js:1587:40)
    at async DevServer.renderToResponseWithComponentsImpl (C:\projects\play-money\node_modules\next\dist\server\base-server.js:1507:28)
    at async DevServer.renderPageComponent (C:\projects\play-money\node_modules\next\dist\server\base-server.js:1931:24)
    at async DevServer.renderToResponseImpl (C:\projects\play-money\node_modules\next\dist\server\base-server.js:1969:32)
    at async DevServer.pipeImpl (C:\projects\play-money\node_modules\next\dist\server\base-server.js:920:25)
    at async NextNodeServer.handleCatchallRenderRequest (C:\projects\play-money\node_modules\next\dist\server\next-server.js:272:17)
    at async DevServer.handleRequestImpl (C:\projects\play-money\node_modules\next\dist\server\base-server.js:816:17)
    at async C:\projects\play-money\node_modules\next\dist\server\dev\next-dev-server.js:339:20
    at async Span.traceAsyncFn (C:\projects\play-money\node_modules\next\dist\trace\trace.js:154:20)
    at async DevServer.handleRequest (C:\projects\play-money\node_modules\next\dist\server\dev\next-dev-server.js:336:24)
    at async invokeRender (C:\projects\play-money\node_modules\next\dist\server\lib\router-server.js:174:21)
    at async handleRequest (C:\projects\play-money\node_modules\next\dist\server\lib\router-server.js:353:24)
    at async requestHandlerImpl (C:\projects\play-money\node_modules\next\dist\server\lib\router-server.js:377:13)
    at async Server.requestListener (C:\projects\play-money\node_modules\next\dist\server\lib\start-server.js:141:13) {
  clientVersion: '5.16.2',
  errorCode: undefined
}
PrismaClientInitializationError: 
Invalid `prisma.user.findUnique()` invocation:


error: Environment variable not found: POSTGRES_PRISMA_URL.
  -->  schema.prisma:17
   | 
16 |   provider  = "postgresql"
17 |   url       = env("POSTGRES_PRISMA_URL")
   | 

Validation Error Count: 1
    at _n.handleRequestError (webpack-internal:///(rsc)/../../node_modules/@prisma/client/runtime/library.js:122:7227)
    at _n.handleAndLogRequestError (webpack-internal:///(rsc)/../../node_modules/@prisma/client/runtime/library.js:122:6235)
    at _n.request (webpack-internal:///(rsc)/../../node_modules/@prisma/client/runtime/library.js:122:5919)
    at async l (webpack-internal:///(rsc)/../../node_modules/@prisma/client/runtime/library.js:131:9061)
    at async getUserById (webpack-internal:///(rsc)/../../packages/users/lib/getUserById.ts:10:18)
    at async GET (webpack-internal:///(rsc)/./app/api/v1/users/[id]/stats/route.ts:22:9)
    at async C:\projects\play-money\node_modules\next\dist\compiled\next-server\app-route.runtime.dev.js:6:55038
    at async ek.execute (C:\projects\play-money\node_modules\next\dist\compiled\next-server\app-route.runtime.dev.js:6:45808)
    at async ek.handle (C:\projects\play-money\node_modules\next\dist\compiled\next-server\app-route.runtime.dev.js:6:56292)
    at async doRender (C:\projects\play-money\node_modules\next\dist\server\base-server.js:1377:42)
    at async cacheEntry.responseCache.get.routeKind (C:\projects\play-money\node_modules\next\dist\server\base-server.js:1587:40)
    at async DevServer.renderToResponseWithComponentsImpl (C:\projects\play-money\node_modules\next\dist\server\base-server.js:1507:28)
    at async DevServer.renderPageComponent (C:\projects\play-money\node_modules\next\dist\server\base-server.js:1931:24)
    at async DevServer.renderToResponseImpl (C:\projects\play-money\node_modules\next\dist\server\base-server.js:1969:32)
    at async DevServer.pipeImpl (C:\projects\play-money\node_modules\next\dist\server\base-server.js:920:25)
    at async NextNodeServer.handleCatchallRenderRequest (C:\projects\play-money\node_modules\next\dist\server\next-server.js:272:17)
    at async DevServer.handleRequestImpl (C:\projects\play-money\node_modules\next\dist\server\base-server.js:816:17)
    at async C:\projects\play-money\node_modules\next\dist\server\dev\next-dev-server.js:339:20
    at async Span.traceAsyncFn (C:\projects\play-money\node_modules\next\dist\trace\trace.js:154:20)
    at async DevServer.handleRequest (C:\projects\play-money\node_modules\next\dist\server\dev\next-dev-server.js:336:24)
    at async invokeRender (C:\projects\play-money\node_modules\next\dist\server\lib\router-server.js:174:21)
    at async handleRequest (C:\projects\play-money\node_modules\next\dist\server\lib\router-server.js:353:24)
    at async requestHandlerImpl (C:\projects\play-money\node_modules\next\dist\server\lib\router-server.js:377:13)
    at async Server.requestListener (C:\projects\play-money\node_modules\next\dist\server\lib\start-server.js:141:13) {
  clientVersion: '5.16.2',
  errorCode: undefined
}
PrismaClientInitializationError: 
Invalid `prisma.user.findUnique()` invocation:


error: Environment variable not found: POSTGRES_PRISMA_URL.
  -->  schema.prisma:17
   | 
16 |   provider  = "postgresql"
17 |   url       = env("POSTGRES_PRISMA_URL")
   | 

Validation Error Count: 1
    at _n.handleRequestError (webpack-internal:///(rsc)/../../node_modules/@prisma/client/runtime/library.js:122:7227)
    at _n.handleAndLogRequestError (webpack-internal:///(rsc)/../../node_modules/@prisma/client/runtime/library.js:122:6235)
    at _n.request (webpack-internal:///(rsc)/../../node_modules/@prisma/client/runtime/library.js:122:5919)
    at async l (webpack-internal:///(rsc)/../../node_modules/@prisma/client/runtime/library.js:131:9061)
    at async getUserPrimaryAccount (webpack-internal:///(rsc)/../../packages/users/lib/getUserPrimaryAccount.ts:10:18)
    at async GET (webpack-internal:///(rsc)/./app/api/v1/users/[id]/balance/route.ts:18:29)
    at async C:\projects\play-money\node_modules\next\dist\compiled\next-server\app-route.runtime.dev.js:6:55038
    at async ek.execute (C:\projects\play-money\node_modules\next\dist\compiled\next-server\app-route.runtime.dev.js:6:45808)
    at async ek.handle (C:\projects\play-money\node_modules\next\dist\compiled\next-server\app-route.runtime.dev.js:6:56292)
    at async doRender (C:\projects\play-money\node_modules\next\dist\server\base-server.js:1377:42)
    at async cacheEntry.responseCache.get.routeKind (C:\projects\play-money\node_modules\next\dist\server\base-server.js:1587:40)
    at async DevServer.renderToResponseWithComponentsImpl (C:\projects\play-money\node_modules\next\dist\server\base-server.js:1507:28)
    at async DevServer.renderPageComponent (C:\projects\play-money\node_modules\next\dist\server\base-server.js:1931:24)
    at async DevServer.renderToResponseImpl (C:\projects\play-money\node_modules\next\dist\server\base-server.js:1969:32)
    at async DevServer.pipeImpl (C:\projects\play-money\node_modules\next\dist\server\base-server.js:920:25)
    at async NextNodeServer.handleCatchallRenderRequest (C:\projects\play-money\node_modules\next\dist\server\next-server.js:272:17)
    at async DevServer.handleRequestImpl (C:\projects\play-money\node_modules\next\dist\server\base-server.js:816:17)
    at async C:\projects\play-money\node_modules\next\dist\server\dev\next-dev-server.js:339:20
    at async Span.traceAsyncFn (C:\projects\play-money\node_modules\next\dist\trace\trace.js:154:20)
    at async DevServer.handleRequest (C:\projects\play-money\node_modules\next\dist\server\dev\next-dev-server.js:336:24)
    at async invokeRender (C:\projects\play-money\node_modules\next\dist\server\lib\router-server.js:174:21)
    at async handleRequest (C:\projects\play-money\node_modules\next\dist\server\lib\router-server.js:353:24)
    at async requestHandlerImpl (C:\projects\play-money\node_modules\next\dist\server\lib\router-server.js:377:13)
    at async Server.requestListener (C:\projects\play-money\node_modules\next\dist\server\lib\start-server.js:141:13) {
  clientVersion: '5.16.2',
  errorCode: undefined
}
PrismaClientInitializationError: 
Invalid `prisma.user.findUnique()` invocation:


error: Environment variable not found: POSTGRES_PRISMA_URL.
  -->  schema.prisma:17
   | 
16 |   provider  = "postgresql"
17 |   url       = env("POSTGRES_PRISMA_URL")
   | 

Validation Error Count: 1
    at _n.handleRequestError (webpack-internal:///(rsc)/../../node_modules/@prisma/client/runtime/library.js:122:7227)
    at _n.handleAndLogRequestError (webpack-internal:///(rsc)/../../node_modules/@prisma/client/runtime/library.js:122:6235)
    at _n.request (webpack-internal:///(rsc)/../../node_modules/@prisma/client/runtime/library.js:122:5919)
    at async l (webpack-internal:///(rsc)/../../node_modules/@prisma/client/runtime/library.js:131:9061)
    at async getUserPrimaryAccount (webpack-internal:///(rsc)/../../packages/users/lib/getUserPrimaryAccount.ts:10:18)
    at async GET (webpack-internal:///(rsc)/./app/api/v1/users/[id]/balance/route.ts:18:29)
    at async C:\projects\play-money\node_modules\next\dist\compiled\next-server\app-route.runtime.dev.js:6:55038
    at async ek.execute (C:\projects\play-money\node_modules\next\dist\compiled\next-server\app-route.runtime.dev.js:6:45808)
    at async ek.handle (C:\projects\play-money\node_modules\next\dist\compiled\next-server\app-route.runtime.dev.js:6:56292)
    at async doRender (C:\projects\play-money\node_modules\next\dist\server\base-server.js:1377:42)
    at async cacheEntry.responseCache.get.routeKind (C:\projects\play-money\node_modules\next\dist\server\base-server.js:1587:40)
    at async DevServer.renderToResponseWithComponentsImpl (C:\projects\play-money\node_modules\next\dist\server\base-server.js:1507:28)
    at async DevServer.renderPageComponent (C:\projects\play-money\node_modules\next\dist\server\base-server.js:1931:24)
    at async DevServer.renderToResponseImpl (C:\projects\play-money\node_modules\next\dist\server\base-server.js:1969:32)
    at async DevServer.pipeImpl (C:\projects\play-money\node_modules\next\dist\server\base-server.js:920:25)
    at async NextNodeServer.handleCatchallRenderRequest (C:\projects\play-money\node_modules\next\dist\server\next-server.js:272:17)
    at async DevServer.handleRequestImpl (C:\projects\play-money\node_modules\next\dist\server\base-server.js:816:17)
    at async C:\projects\play-money\node_modules\next\dist\server\dev\next-dev-server.js:339:20
    at async Span.traceAsyncFn (C:\projects\play-money\node_modules\next\dist\trace\trace.js:154:20)
    at async DevServer.handleRequest (C:\projects\play-money\node_modules\next\dist\server\dev\next-dev-server.js:336:24)
    at async invokeRender (C:\projects\play-money\node_modules\next\dist\server\lib\router-server.js:174:21)
    at async handleRequest (C:\projects\play-money\node_modules\next\dist\server\lib\router-server.js:353:24)
    at async requestHandlerImpl (C:\projects\play-money\node_modules\next\dist\server\lib\router-server.js:377:13)
    at async Server.requestListener (C:\projects\play-money\node_modules\next\dist\server\lib\start-server.js:141:13) {
  clientVersion: '5.16.2',
  errorCode: undefined
}
PrismaClientInitializationError: 
Invalid `prisma.user.findUnique()` invocation:


error: Environment variable not found: POSTGRES_PRISMA_URL.
  -->  schema.prisma:17
   | 
16 |   provider  = "postgresql"
17 |   url       = env("POSTGRES_PRISMA_URL")
   | 

Validation Error Count: 1
    at _n.handleRequestError (webpack-internal:///(rsc)/../../node_modules/@prisma/client/runtime/library.js:122:7227)
    at _n.handleAndLogRequestError (webpack-internal:///(rsc)/../../node_modules/@prisma/client/runtime/library.js:122:6235)
    at _n.request (webpack-internal:///(rsc)/../../node_modules/@prisma/client/runtime/library.js:122:5919)
    at async l (webpack-internal:///(rsc)/../../node_modules/@prisma/client/runtime/library.js:131:9061)
    at async getUserPrimaryAccount (webpack-internal:///(rsc)/../../packages/users/lib/getUserPrimaryAccount.ts:10:18)
    at async GET (webpack-internal:///(rsc)/./app/api/v1/users/[id]/balance/route.ts:18:29)
    at async C:\projects\play-money\node_modules\next\dist\compiled\next-server\app-route.runtime.dev.js:6:55038
    at async ek.execute (C:\projects\play-money\node_modules\next\dist\compiled\next-server\app-route.runtime.dev.js:6:45808)
    at async ek.handle (C:\projects\play-money\node_modules\next\dist\compiled\next-server\app-route.runtime.dev.js:6:56292)
    at async doRender (C:\projects\play-money\node_modules\next\dist\server\base-server.js:1377:42)
    at async cacheEntry.responseCache.get.routeKind (C:\projects\play-money\node_modules\next\dist\server\base-server.js:1587:40)
    at async DevServer.renderToResponseWithComponentsImpl (C:\projects\play-money\node_modules\next\dist\server\base-server.js:1507:28)
    at async DevServer.renderPageComponent (C:\projects\play-money\node_modules\next\dist\server\base-server.js:1931:24)
    at async DevServer.renderToResponseImpl (C:\projects\play-money\node_modules\next\dist\server\base-server.js:1969:32)
    at async DevServer.pipeImpl (C:\projects\play-money\node_modules\next\dist\server\base-server.js:920:25)
    at async NextNodeServer.handleCatchallRenderRequest (C:\projects\play-money\node_modules\next\dist\server\next-server.js:272:17)
    at async DevServer.handleRequestImpl (C:\projects\play-money\node_modules\next\dist\server\base-server.js:816:17)
    at async C:\projects\play-money\node_modules\next\dist\server\dev\next-dev-server.js:339:20
    at async Span.traceAsyncFn (C:\projects\play-money\node_modules\next\dist\trace\trace.js:154:20)
    at async DevServer.handleRequest (C:\projects\play-money\node_modules\next\dist\server\dev\next-dev-server.js:336:24)
    at async invokeRender (C:\projects\play-money\node_modules\next\dist\server\lib\router-server.js:174:21)
    at async handleRequest (C:\projects\play-money\node_modules\next\dist\server\lib\router-server.js:353:24)
    at async requestHandlerImpl (C:\projects\play-money\node_modules\next\dist\server\lib\router-server.js:377:13)
    at async Server.requestListener (C:\projects\play-money\node_modules\next\dist\server\lib\start-server.js:141:13) {
  clientVersion: '5.16.2',
  errorCode: undefined
}
PrismaClientInitializationError: 
Invalid `prisma.user.findUnique()` invocation:


error: Environment variable not found: POSTGRES_PRISMA_URL.
  -->  schema.prisma:17
   | 
16 |   provider  = "postgresql"
17 |   url       = env("POSTGRES_PRISMA_URL")
   | 

Validation Error Count: 1
    at _n.handleRequestError (webpack-internal:///(rsc)/../../node_modules/@prisma/client/runtime/library.js:122:7227)
    at _n.handleAndLogRequestError (webpack-internal:///(rsc)/../../node_modules/@prisma/client/runtime/library.js:122:6235)
    at _n.request (webpack-internal:///(rsc)/../../node_modules/@prisma/client/runtime/library.js:122:5919)
    at async l (webpack-internal:///(rsc)/../../node_modules/@prisma/client/runtime/library.js:131:9061)
    at async getUserPrimaryAccount (webpack-internal:///(rsc)/../../packages/users/lib/getUserPrimaryAccount.ts:10:18)
    at async GET (webpack-internal:///(rsc)/./app/api/v1/users/[id]/balance/route.ts:18:29)
    at async C:\projects\play-money\node_modules\next\dist\compiled\next-server\app-route.runtime.dev.js:6:55038
    at async ek.execute (C:\projects\play-money\node_modules\next\dist\compiled\next-server\app-route.runtime.dev.js:6:45808)
    at async ek.handle (C:\projects\play-money\node_modules\next\dist\compiled\next-server\app-route.runtime.dev.js:6:56292)
    at async doRender (C:\projects\play-money\node_modules\next\dist\server\base-server.js:1377:42)
    at async cacheEntry.responseCache.get.routeKind (C:\projects\play-money\node_modules\next\dist\server\base-server.js:1587:40)
    at async DevServer.renderToResponseWithComponentsImpl (C:\projects\play-money\node_modules\next\dist\server\base-server.js:1507:28)
    at async DevServer.renderPageComponent (C:\projects\play-money\node_modules\next\dist\server\base-server.js:1931:24)
    at async DevServer.renderToResponseImpl (C:\projects\play-money\node_modules\next\dist\server\base-server.js:1969:32)
    at async DevServer.pipeImpl (C:\projects\play-money\node_modules\next\dist\server\base-server.js:920:25)
    at async NextNodeServer.handleCatchallRenderRequest (C:\projects\play-money\node_modules\next\dist\server\next-server.js:272:17)
    at async DevServer.handleRequestImpl (C:\projects\play-money\node_modules\next\dist\server\base-server.js:816:17)
    at async C:\projects\play-money\node_modules\next\dist\server\dev\next-dev-server.js:339:20
    at async Span.traceAsyncFn (C:\projects\play-money\node_modules\next\dist\trace\trace.js:154:20)
    at async DevServer.handleRequest (C:\projects\play-money\node_modules\next\dist\server\dev\next-dev-server.js:336:24)
    at async invokeRender (C:\projects\play-money\node_modules\next\dist\server\lib\router-server.js:174:21)
    at async handleRequest (C:\projects\play-money\node_modules\next\dist\server\lib\router-server.js:353:24)
    at async requestHandlerImpl (C:\projects\play-money\node_modules\next\dist\server\lib\router-server.js:377:13)
    at async Server.requestListener (C:\projects\play-money\node_modules\next\dist\server\lib\start-server.js:141:13) {
  clientVersion: '5.16.2',
  errorCode: undefined
}
 GET /api/v1/users/01KXPFT8ZANANV21AMAG739P1V/stats 500 in 64670ms
 GET /api/v1/users/01KXPFT8ZANANV21AMAG739P1V/stats 500 in 64754ms
 GET /api/v1/users/01KXPFT8ZANANV21AMAG739P1V/balance 500 in 64915ms
 GET /api/v1/users/01KXPFT8ZANANV21AMAG739P1V/balance 500 in 64771ms
 GET /api/v1/users/01KXPFT8ZANANV21AMAG739P1V/balance 500 in 64756ms
 GET /api/v1/users/01KXPFT8ZANANV21AMAG739P1V/balance 500 in 64755ms
 GET /api/v1/markets/cond_1783872753849_198?extended=true 500 in 2925ms
 OPTIONS /api/v1/prices 404 in 1246ms
 OPTIONS /api/v1/midpoints 404 in 1255ms
 GET /api/v1/markets/cond_1783872753845_197?extended=true 500 in 853ms
 POST /api/v1/users/sync 500 in 888ms
 GET /api/v1/markets/cond_1783872753841_196?extended=true 500 in 967ms
PrismaClientInitializationError: 
Invalid `prisma.user.findUnique()` invocation:


error: Environment variable not found: POSTGRES_PRISMA_URL.
  -->  schema.prisma:17
   | 
16 |   provider  = "postgresql"
17 |   url       = env("POSTGRES_PRISMA_URL")
   | 

Validation Error Count: 1
    at _n.handleRequestError (webpack-internal:///(rsc)/../../node_modules/@prisma/client/runtime/library.js:122:7227)
    at _n.handleAndLogRequestError (webpack-internal:///(rsc)/../../node_modules/@prisma/client/runtime/library.js:122:6235)
    at _n.request (webpack-internal:///(rsc)/../../node_modules/@prisma/client/runtime/library.js:122:5919)
    at async l (webpack-internal:///(rsc)/../../node_modules/@prisma/client/runtime/library.js:131:9061)
    at async getUserById (webpack-internal:///(rsc)/../../packages/users/lib/getUserById.ts:10:18)
    at async GET (webpack-internal:///(rsc)/./app/api/v1/users/[id]/stats/route.ts:22:9)
    at async C:\projects\play-money\node_modules\next\dist\compiled\next-server\app-route.runtime.dev.js:6:55038
    at async ek.execute (C:\projects\play-money\node_modules\next\dist\compiled\next-server\app-route.runtime.dev.js:6:45808)
    at async ek.handle (C:\projects\play-money\node_modules\next\dist\compiled\next-server\app-route.runtime.dev.js:6:56292)
    at async doRender (C:\projects\play-money\node_modules\next\dist\server\base-server.js:1377:42)
    at async cacheEntry.responseCache.get.routeKind (C:\projects\play-money\node_modules\next\dist\server\base-server.js:1587:40)
    at async DevServer.renderToResponseWithComponentsImpl (C:\projects\play-money\node_modules\next\dist\server\base-server.js:1507:28)
    at async DevServer.renderPageComponent (C:\projects\play-money\node_modules\next\dist\server\base-server.js:1931:24)
    at async DevServer.renderToResponseImpl (C:\projects\play-money\node_modules\next\dist\server\base-server.js:1969:32)
    at async DevServer.pipeImpl (C:\projects\play-money\node_modules\next\dist\server\base-server.js:920:25)
    at async NextNodeServer.handleCatchallRenderRequest (C:\projects\play-money\node_modules\next\dist\server\next-server.js:272:17)
    at async DevServer.handleRequestImpl (C:\projects\play-money\node_modules\next\dist\server\base-server.js:816:17)
    at async C:\projects\play-money\node_modules\next\dist\server\dev\next-dev-server.js:339:20
    at async Span.traceAsyncFn (C:\projects\play-money\node_modules\next\dist\trace\trace.js:154:20)
    at async DevServer.handleRequest (C:\projects\play-money\node_modules\next\dist\server\dev\next-dev-server.js:336:24)
    at async invokeRender (C:\projects\play-money\node_modules\next\dist\server\lib\router-server.js:174:21)
    at async handleRequest (C:\projects\play-money\node_modules\next\dist\server\lib\router-server.js:353:24)
    at async requestHandlerImpl (C:\projects\play-money\node_modules\next\dist\server\lib\router-server.js:377:13)
    at async Server.requestListener (C:\projects\play-money\node_modules\next\dist\server\lib\start-server.js:141:13) {
  clientVersion: '5.16.2',
  errorCode: undefined
}
 GET /api/v1/users/01KXPFT8ZANANV21AMAG739P1V/stats 500 in 970ms
